
> shipon-portfolio@1.0.0 build
> next build

  ▲ Next.js 14.2.35

   Creating an optimized production build ...
 ✓ Compiled successfully
   Linting and checking validity of types ...
   Collecting page data ...
   Generating static pages (0/7) ...
   Generating static pages (1/7) 
   Generating static pages (3/7) 
   Generating static pages (5/7) 
 ✓ Generating static pages (7/7)
   Finalizing page optimization ...
   Collecting build traces ...

Route (app)                              Size     First Load JS
┌ ○ /                                    13 kB           100 kB
├ ○ /_not-found                          873 B          88.2 kB
├ ○ /icon.svg                            0 B                0 B
├ ○ /robots.txt                          0 B                0 B
└ ○ /sitemap.xml                         0 B                0 B
+ First Load JS shared by all            87.3 kB
  ├ chunks/117-0410537361277361.js       31.7 kB
  ├ chunks/fd9d1056-e3d373074663785d.js  53.6 kB
  └ other shared chunks (total)          1.95 kB


○  (Static)  prerendered as static content

